<html>
<body>
<pre>
<h1>礦ision Build Log</h1>
<h2>Tool Versions:</h2>
IDE-Version: μVision V5.23.0.0
Copyright (C) 2017 ARM Ltd and ARM Germany GmbH. All rights reserved.
License Information: zhanxiang huang, ustc, LIC=LJWMM-XL1YX-JNHA8-3V2M1-35TIG-SCT7Q
 
Tool Versions:
Toolchain:       MDK-ARM Professional  Version: 5.23
Toolchain Path:  D:\ustc life\Robogame\keil\ARM\ARMCC\Bin
C Compiler:      Armcc.exe V5.06 update 4 (build 422)
Assembler:       Armasm.exe V5.06 update 4 (build 422)
Linker/Locator:  ArmLink.exe V5.06 update 4 (build 422)
Library Manager: ArmAr.exe V5.06 update 4 (build 422)
Hex Converter:   FromElf.exe V5.06 update 4 (build 422)
CPU DLL:         SARMCM3.DLL V5.23
Dialog DLL:      DARMSTM.DLL V1.68.0.0
Target DLL:      STLink\ST-LINKIII-KEIL_SWO.dll V2.0.18.0
Dialog DLL:      TARMSTM.DLL V1.66.0.0
 
<h2>Project:</h2>
D:\ustc\working files\实验9 PWM输出实验2_+rfid\USER\PWM.uvprojx
Project File Date:  10/06/2019

<h2>Output:</h2>
*** Using Compiler 'V5.06 update 4 (build 422)', folder: 'D:\ustc life\Robogame\keil\ARM\ARMCC\Bin'
Build target 'PWM'
compiling main.c...
usart2.h(38): warning:  #1-D: last line of file ends without a newline
  #endif
main.c(47): warning:  #177-D: variable "i"  was declared but never referenced
  	int i;
main.c(48): warning:  #177-D: variable "j"  was declared but never referenced
  	int  j;
main.c: 3 warnings, 0 errors
linking...
Program Size: Code=22596 RO-data=408 RW-data=260 ZI-data=1708  
FromELF: creating hex file...
"..\OBJ\PWM.axf" - 0 Error(s), 3 Warning(s).

<h2>Collection of Component include folders:</h2>
  .\RTE\_PWM
  D:\ustc life\Robogame\keil\ARM\PACK\Keil\STM32F1xx_DFP\1.0.5\Device\Include

<h2>Collection of Component Files used:</h2>
Build Time Elapsed:  00:00:02
</pre>
</body>
</html>
